// Jest Snapshot v1, https://goo.gl/fbAQLP

exports[`Button should render child element 1`] = `
<Button
  classes={
    Object {
      "Button": "Button-Button-0-1-1",
    }
  }
>
  Next
</Button>
`;

exports[`Button should render correctly 1`] = `
<Button
  classes={
    Object {
      "Button": "Button-Button-0-1-1",
    }
  }
/>
`;
